// Jest Snapshot v1, https://goo.gl/fbAQLP

exports[`renders a snapshot 1`] = `
<h1>
  Snapshot Testing
</h1>
`;
